\BOOKMARK [0][-]{section*.2}{\376\377\000A\000\040\000c\000o\000m\000p\000a\000c\000t\000\040\000H\000A\000L\000E\000U\000\040\000r\000e\000a\000c\000t\000o\000r\000\040\000p\000a\000r\000k\000e\000d\000\040\000a\000t\000\040\000J\000U\000N\000O\000:\000\040\000S\000t\000a\000n\000d\000a\000r\000d\000-\000M\000o\000d\000e\000l\000\040\000p\000r\000e\000c\000i\000s\000i\000o\000n\000,\000\040\000s\000t\000e\000r\000i\000l\000e\000-\000n\000e\000u\000t\000r\000i\000n\000o\000\040\000w\000i\000g\000g\000l\000e\000s\000,\000\040\000a\000n\000d\000\040\000a\000x\000i\000o\000n\000-\000l\000i\000k\000e\000\040\000p\000a\000r\000t\000i\000c\000l\000e\000s}{}% 2
\BOOKMARK [1][-]{section*.1}{\376\377\000A\000b\000s\000t\000r\000a\000c\000t}{section*.2}% 1
\BOOKMARK [1][-]{section*.3}{\376\377\000C\000o\000n\000t\000e\000n\000t\000s}{section*.2}% 3
\BOOKMARK [1][-]{section*.4}{\376\377\000C\000o\000m\000m\000o\000n\000\040\000f\000r\000a\000m\000e\000w\000o\000r\000k}{section*.2}% 4
\BOOKMARK [2][-]{section*.7}{\376\377\000S\000t\000a\000t\000i\000s\000t\000i\000c\000s}{section*.4}% 5
\BOOKMARK [2][-]{section*.8}{\376\377\000W\000h\000e\000n\000\040\000d\000o\000e\000s\000\040\000t\000h\000e\000\040\000n\000e\000a\000r\000\040\000r\000e\000a\000c\000t\000o\000r\000\040\000p\000i\000l\000e\000\040\000u\000p\000?}{section*.4}% 6
\BOOKMARK [1][-]{section*.9}{\376\377\000S\000t\000a\000n\000d\000a\000r\000d\000-\000M\000o\000d\000e\000l\000\040\000p\000r\000e\000c\000i\000s\000i\000o\000n\000\040\000w\000i\000t\000h\000\040\000E\000E\000S\000\040\000\050\000n\000o\000t\000e\000b\000o\000o\000k\000\040\0005\000\051}{section*.2}% 7
\BOOKMARK [2][-]{section*.10}{\376\377\000C\000r\000o\000s\000s\000\040\000s\000e\000c\000t\000i\000o\000n\000s\000\040\000a\000n\000d\000\040\000r\000a\000t\000e\000s}{section*.9}% 8
\BOOKMARK [2][-]{section*.14}{\376\377\000D\000e\000t\000e\000c\000t\000o\000r\000\040\000s\000i\000n\000g\000l\000e\000s\000,\000\040\000a\000n\000d\000\040\000t\000h\000e\000\040\000r\000e\000a\000c\000t\000o\000r\000-\000o\000f\000f\000\040\000m\000e\000a\000s\000u\000r\000e\000m\000e\000n\000t}{section*.9}% 9
\BOOKMARK [2][-]{section*.19}{\376\377\000N\000e\000u\000t\000r\000i\000n\000o\000\040\000i\000n\000t\000e\000r\000a\000c\000t\000i\000o\000n\000s\000\040\000o\000n\000\040\0001\0003\000C}{section*.9}% 10
\BOOKMARK [2][-]{section*.24}{\376\377\000N\000e\000u\000t\000r\000i\000n\000o\000\040\000i\000n\000t\000e\000r\000a\000c\000t\000i\000o\000n\000s\000\040\000o\000n\000\040\000d\000e\000u\000t\000e\000r\000i\000u\000m}{section*.9}% 11
\BOOKMARK [2][-]{section*.25}{\376\377\000S\000y\000s\000t\000e\000m\000a\000t\000i\000c\000s}{section*.9}% 12
\BOOKMARK [2][-]{section*.26}{\376\377\000R\000e\000s\000u\000l\000t\000s}{section*.9}% 13
\BOOKMARK [1][-]{section*.31}{\376\377\000S\000t\000e\000r\000i\000l\000e\000-\000n\000e\000u\000t\000r\000i\000n\000o\000\040\000w\000i\000g\000g\000l\000e\000s\000\040\000a\000c\000r\000o\000s\000s\000\040\000t\000h\000e\000\040\000f\000i\000n\000i\000t\000e\000\040\000d\000e\000t\000e\000c\000t\000o\000r\000\040\000\050\000n\000o\000t\000e\000b\000o\000o\000k\000\040\0006\000\051}{section*.2}% 14
\BOOKMARK [2][-]{section*.32}{\376\377\000T\000h\000e\000\040\000i\000d\000e\000a}{section*.31}% 15
\BOOKMARK [2][-]{section*.35}{\376\377\000O\000s\000c\000i\000l\000l\000a\000t\000i\000o\000n\000,\000\040\000s\000m\000e\000a\000r\000i\000n\000g\000,\000\040\000s\000t\000a\000t\000i\000s\000t\000i\000c\000s}{section*.31}% 16
\BOOKMARK [2][-]{section*.36}{\376\377\000W\000h\000y\000\040\000t\000h\000e\000\040\000a\000n\000a\000l\000y\000s\000i\000s\000\040\000i\000s\000\040\000s\000h\000a\000p\000e\000-\000o\000n\000l\000y\000,\000\040\000a\000n\000d\000\040\000w\000h\000a\000t\000\040\000t\000h\000a\000t\000\040\000c\000o\000s\000t\000s}{section*.31}% 17
\BOOKMARK [2][-]{section*.37}{\376\377\000R\000e\000s\000u\000l\000t\000s}{section*.31}% 18
\BOOKMARK [1][-]{section*.42}{\376\377\000A\000x\000i\000o\000n\000-\000l\000i\000k\000e\000\040\000p\000a\000r\000t\000i\000c\000l\000e\000s\000\040\000f\000r\000o\000m\000\040\000t\000h\000e\000\040\000c\000o\000r\000e\000\040\000\050\000n\000o\000t\000e\000b\000o\000o\000k\000\040\0007\000\051}{section*.2}% 19
\BOOKMARK [2][-]{section*.43}{\376\377\000P\000h\000y\000s\000i\000c\000s\000\040\000a\000n\000d\000\040\000f\000o\000r\000m\000a\000l\000i\000s\000m}{section*.42}% 20
\BOOKMARK [2][-]{section*.51}{\376\377\000R\000e\000s\000u\000l\000t\000s}{section*.42}% 21
\BOOKMARK [1][-]{section*.54}{\376\377\000D\000i\000s\000c\000u\000s\000s\000i\000o\000n\000\040\000a\000n\000d\000\040\000c\000a\000v\000e\000a\000t\000s}{section*.2}% 22
\BOOKMARK [1][-]{section*.55}{\376\377\000D\000a\000y\000a\000\040\000B\000a\000y\000\040\000f\000l\000u\000x\000\040\000m\000o\000d\000e\000l\000\040\000a\000n\000d\000\040\000c\000o\000v\000a\000r\000i\000a\000n\000c\000e}{section*.2}% 23
\BOOKMARK [1][-]{section*.63}{\376\377\000S\000y\000s\000t\000e\000m\000a\000t\000i\000c\000s\000\040\000o\000f\000\040\000t\000h\000e\000\040\000s\000t\000a\000n\000d\000a\000r\000d\000\040\000J\000U\000N\000O\000\040\000a\000n\000a\000l\000y\000s\000i\000s\000\040\000\050\000N\000u\000F\000i\000t\000\040\000p\000r\000o\000c\000e\000d\000u\000r\000e\000\051}{section*.2}% 24
\BOOKMARK [1][-]{section*.67}{\376\377\000R\000e\000f\000e\000r\000e\000n\000c\000e\000s}{section*.2}% 25
